// Jest Snapshot v1, https://goo.gl/fbAQLP

exports[`Checkbox renders ./src/checkbox/doc/all-checked.vue correctly 1`] = `
<div style="text-align: left; display: flex; align-items: center; justify-content: space-around;">
  <div class="example-checkbox-all"><label class="mtd-checkbox" style="margin-right: 32px;"><input type="checkbox" class="mtd-checkbox-input" style="display: none;"><span class="mtd-checkbox-inner"><i class="mtdicon mtdicon-check-thick"></i></span><span class="mtd-checkbox-text">全选</span></label>
    <div class="mtd-checkbox-group"><label class="mtd-checkbox"><input type="checkbox" class="mtd-checkbox-input" style="display: none;"><span class="mtd-checkbox-inner"><i class="mtdicon mtdicon-check-thick"></i></span><span class="mtd-checkbox-text">上海</span></label><label class="mtd-checkbox"><input type="checkbox" class="mtd-checkbox-input" style="display: none;"><span class="mtd-checkbox-inner"><i class="mtdicon mtdicon-check-thick"></i></span><span class="mtd-checkbox-text">北京</span></label><label class="mtd-checkbox"><input type="checkbox" class="mtd-checkbox-input" style="display: none;"><span class="mtd-checkbox-inner"><i class="mtdicon mtdicon-check-thick"></i></span><span class="mtd-checkbox-text">广州</span></label></div>
  </div>
  <div class="example-checkbox-all checkbox-vertical"><label class="mtd-checkbox"><input type="checkbox" class="mtd-checkbox-input" style="display: none;"><span class="mtd-checkbox-inner"><i class="mtdicon mtdicon-check-thick"></i></span><span class="mtd-checkbox-text">全选</span></label>
    <div class="mtd-checkbox-group" style="display: block;"><label class="mtd-checkbox" style="margin-right: 0px;"><input type="checkbox" class="mtd-checkbox-input" style="display: none;"><span class="mtd-checkbox-inner"><i class="mtdicon mtdicon-check-thick"></i></span><span class="mtd-checkbox-text">上海</span></label><label class="mtd-checkbox" style="margin-right: 0px;"><input type="checkbox" class="mtd-checkbox-input" style="display: none;"><span class="mtd-checkbox-inner"><i class="mtdicon mtdicon-check-thick"></i></span><span class="mtd-checkbox-text">北京</span></label><label class="mtd-checkbox" style="margin-right: 0px;"><input type="checkbox" class="mtd-checkbox-input" style="display: none;"><span class="mtd-checkbox-inner"><i class="mtdicon mtdicon-check-thick"></i></span><span class="mtd-checkbox-text">广州</span></label></div>
  </div>
</div>
`;

exports[`Checkbox renders ./src/checkbox/doc/base.vue correctly 1`] = `
<div style="text-align: left; display: flex; align-items: center; justify-content: space-around;"><label class="mtd-checkbox"><input type="checkbox" class="mtd-checkbox-input" style="display: none;"><span class="mtd-checkbox-inner"><i class="mtdicon mtdicon-check-thick"></i></span><span class="mtd-checkbox-text">选项</span></label>
  <div class="mtd-checkbox-group"><label class="mtd-checkbox"><input type="checkbox" class="mtd-checkbox-input" style="display: none;"><span class="mtd-checkbox-inner"><i class="mtdicon mtdicon-check-thick"></i></span><span class="mtd-checkbox-text">选项</span></label> <label class="mtd-checkbox"><input type="checkbox" class="mtd-checkbox-input" style="display: none;"><span class="mtd-checkbox-inner"><i class="mtdicon mtdicon-check-thick"></i></span><span class="mtd-checkbox-text">选项</span></label> <label class="mtd-checkbox"><input type="checkbox" class="mtd-checkbox-input" style="display: none;"><span class="mtd-checkbox-inner"><i class="mtdicon mtdicon-check-thick"></i></span><span class="mtd-checkbox-text">选项</span></label></div>
  <div class="checkbox-vertical mtd-checkbox-group"><label class="mtd-checkbox"><input type="checkbox" class="mtd-checkbox-input" style="display: none;"><span class="mtd-checkbox-inner"><i class="mtdicon mtdicon-check-thick"></i></span><span class="mtd-checkbox-text">选项</span></label> <label class="mtd-checkbox"><input type="checkbox" class="mtd-checkbox-input" style="display: none;"><span class="mtd-checkbox-inner"><i class="mtdicon mtdicon-check-thick"></i></span><span class="mtd-checkbox-text">选项</span></label> <label class="mtd-checkbox"><input type="checkbox" class="mtd-checkbox-input" style="display: none;"><span class="mtd-checkbox-inner"><i class="mtdicon mtdicon-check-thick"></i></span><span class="mtd-checkbox-text">选项</span></label></div>
</div>
`;

exports[`Checkbox renders ./src/checkbox/doc/nested.vue correctly 1`] = `
<div style="display: inline-block; text-align: left;"><label class="mtd-checkbox"><input type="checkbox" class="mtd-checkbox-input" style="display: none;"><span class="mtd-checkbox-inner"><i class="mtdicon mtdicon-check-thick"></i></span><span class="mtd-checkbox-text">在菜单栏里展示时间</span></label>
  <div class="mtd-checkbox-group" style="list-style-type: none; margin: 0px; padding-left: 20px;"><label class="mtd-checkbox mtd-checkbox-disabled" style="display: block; margin-right: 0px;"><input type="checkbox" disabled="disabled" class="mtd-checkbox-input" style="display: none;"><span class="mtd-checkbox-inner"><i class="mtdicon mtdicon-check-thick"></i></span><span class="mtd-checkbox-text">数字时钟</span></label> <label class="mtd-checkbox mtd-checkbox-disabled" style="display: block;"><input type="checkbox" disabled="disabled" class="mtd-checkbox-input" style="display: none;"><span class="mtd-checkbox-inner"><i class="mtdicon mtdicon-check-thick"></i></span><span class="mtd-checkbox-text">拟物时钟</span></label></div>
</div>
`;

exports[`Checkbox renders ./src/checkbox/doc/size.vue correctly 1`] = `<div><label class="mtd-checkbox"><input type="checkbox" class="mtd-checkbox-input" style="display: none;"><span class="mtd-checkbox-inner"><i class="mtdicon mtdicon-check-thick"></i></span><span class="mtd-checkbox-text">选项</span></label> <label class="mtd-checkbox mtd-checkbox-large"><input type="checkbox" class="mtd-checkbox-input" style="display: none;"><span class="mtd-checkbox-inner"><i class="mtdicon mtdicon-check-thick"></i></span><span class="mtd-checkbox-text">选项</span></label></div>`;

exports[`Checkbox renders ./src/checkbox/doc/status.vue correctly 1`] = `<div><label class="mtd-checkbox"><input type="checkbox" class="mtd-checkbox-input" style="display: none;"><span class="mtd-checkbox-inner"><i class="mtdicon mtdicon-check-thick"></i></span><span class="mtd-checkbox-text">选项</span></label> <label class="mtd-checkbox mtd-checkbox-checked"><input type="checkbox" class="mtd-checkbox-input" style="display: none;"><span class="mtd-checkbox-inner"><i class="mtdicon mtdicon-check-thick"></i></span><span class="mtd-checkbox-text">选项</span></label> <label class="mtd-checkbox mtd-checkbox-indeterminate"><input type="checkbox" class="mtd-checkbox-input" style="display: none;"><span class="mtd-checkbox-inner"><i class="mtd-checkbox-indeterminate-inner"></i></span><span class="mtd-checkbox-text">中间态</span></label> <label class="mtd-checkbox mtd-checkbox-disabled"><input type="checkbox" disabled="disabled" class="mtd-checkbox-input" style="display: none;"><span class="mtd-checkbox-inner"><i class="mtdicon mtdicon-check-thick"></i></span><span class="mtd-checkbox-text">未选中禁用态</span></label> <label class="mtd-checkbox mtd-checkbox-checked mtd-checkbox-disabled"><input type="checkbox" disabled="disabled" class="mtd-checkbox-input" style="display: none;"><span class="mtd-checkbox-inner"><i class="mtdicon mtdicon-check-thick"></i></span><span class="mtd-checkbox-text">已选中禁用态</span></label> <label class="mtd-checkbox mtd-checkbox-disabled mtd-checkbox-indeterminate"><input type="checkbox" disabled="disabled" class="mtd-checkbox-input" style="display: none;"><span class="mtd-checkbox-inner"><i class="mtd-checkbox-indeterminate-inner"></i></span><span class="mtd-checkbox-text">中间禁用态</span></label></div>`;
