// Jest Snapshot v1, https://goo.gl/fbAQLP

exports[`Breadcrumb 动态切换 separator 1`] = `<div class="mtd-breadcrumb"><span class="mtd-breadcrumb-item"><span class="mtd-breadcrumb-inner ">首页</span><span class="mtd-breadcrumb-separator">/</span></span><span class="mtd-breadcrumb-item"><span class="mtd-breadcrumb-inner ">列表页</span><span class="mtd-breadcrumb-separator">/</span></span><span class="mtd-breadcrumb-item"><span class="mtd-breadcrumb-inner ">详情页</span><span class="mtd-breadcrumb-separator">/</span></span></div>`;
